\BOOKMARK [1][-]{section*.2}{\376\377\000F\000i\000v\000e\000\040\000m\000a\000r\000k\000s\000\040\000o\000f\000\040\000h\000o\000n\000e\000s\000t\000y}{}% 1
\BOOKMARK [1][-]{section*.3}{\376\377\000W\000h\000a\000t\000\040\000y\000o\000u\000\040\000a\000r\000e\000\040\000h\000o\000l\000d\000i\000n\000g\000:\000\040\000a\000n\000\040\000o\000p\000t\000i\000c\000s\000,\000\040\000n\000o\000t\000\040\000a\000\040\000d\000o\000c\000t\000r\000i\000n\000e}{}% 2
\BOOKMARK [1][-]{section*.3}{\376\377\000P\000A\000R\000T\000\040\000O\000N\000E\000\040\000\267\000\040\000T\000H\000E\000\040\000W\000O\000R\000L\000D}{}% 3
\BOOKMARK [1][-]{section.1}{\376\377\000W\000h\000a\000t\000\040\000e\000v\000e\000r\000y\000t\000h\000i\000n\000g\000\040\000i\000s\000\040\000m\000a\000d\000e\000\040\000o\000f}{}% 4
\BOOKMARK [1][-]{section.2}{\376\377\000W\000h\000y\000\040\000e\000x\000a\000c\000t\000l\000y\000\040\000s\000e\000v\000e\000n}{}% 5
\BOOKMARK [1][-]{section.3}{\376\377\000W\000h\000y\000\040\000t\000h\000e\000\040\000n\000u\000m\000b\000e\000r\000s\000\040\000a\000r\000e\000\040\000w\000h\000a\000t\000\040\000t\000h\000e\000y\000\040\000a\000r\000e\000:\000\040\000a\000\040\000l\000a\000d\000d\000e\000r\000\040\000o\000f\000\040\000f\000o\000u\000r\000\040\000w\000o\000r\000l\000d\000s}{}% 6
\BOOKMARK [1][-]{section.4}{\376\377\000W\000h\000a\000t\000\040\000t\000i\000m\000e\000\040\000i\000s}{}% 7
\BOOKMARK [1][-]{section.5}{\376\377\000A\000\040\000b\000e\000g\000i\000n\000n\000i\000n\000g\000\040\000t\000h\000a\000t\000\040\000h\000a\000d\000\040\000n\000o\000\040\000`\000`\000b\000e\000f\000o\000r\000e\000'\000'}{}% 8
\BOOKMARK [1][-]{section.6}{\376\377\000T\000h\000e\000\040\000s\000t\000a\000g\000e\000:\000\040\000w\000h\000y\000\040\000s\000p\000a\000c\000e\000\040\000i\000s\000\040\000t\000h\000r\000e\000e\000-\000d\000i\000m\000e\000n\000s\000i\000o\000n\000a\000l}{}% 9
\BOOKMARK [1][-]{section.7}{\376\377\000W\000h\000a\000t\000\040\000t\000h\000i\000n\000g\000s\000\040\000a\000r\000e\000\040\000\050\000a\000n\000d\000\040\000w\000h\000e\000t\000h\000e\000r\000\040\000t\000h\000e\000r\000e\000\040\000i\000s\000\040\000a\000\040\000s\000m\000a\000l\000l\000e\000s\000t\000\040\000o\000n\000e\000\051}{}% 10
\BOOKMARK [1][-]{figure.caption.9}{\376\377\000P\000A\000R\000T\000\040\000T\000W\000O\000\040\000\267\000\040\000W\000I\000T\000H\000I\000N}{}% 11
\BOOKMARK [1][-]{section.8}{\376\377\000W\000h\000a\000t\000\040\000l\000i\000f\000e\000\040\000i\000s}{}% 12
\BOOKMARK [1][-]{section.9}{\376\377\000T\000h\000e\000\040\000w\000i\000n\000d\000o\000w\000\040\000o\000f\000\040\000c\000o\000n\000s\000c\000i\000o\000u\000s\000n\000e\000s\000s}{}% 13
\BOOKMARK [1][-]{section.10}{\376\377\000T\000h\000e\000\040\000s\000t\000a\000i\000r\000c\000a\000s\000e\000\040\000w\000i\000t\000h\000i\000n\000:\000\040\000t\000h\000r\000e\000e\000\040\000f\000l\000o\000o\000r\000s\000\040\000o\000f\000\040\000r\000e\000f\000l\000e\000c\000t\000i\000o\000n}{}% 14
\BOOKMARK [1][-]{section.11}{\376\377\000T\000h\000e\000\040\000c\000o\000l\000o\000r\000s\000\040\000o\000f\000\040\000i\000n\000n\000e\000r\000\040\000l\000i\000f\000e\000:\000\040\000t\000h\000e\000\040\000m\000e\000c\000h\000a\000n\000i\000s\000m\000\040\000o\000f\000\040\000q\000u\000a\000l\000i\000a}{}% 15
\BOOKMARK [1][-]{section.12}{\376\377\000F\000r\000e\000e\000d\000o\000m}{}% 16
\BOOKMARK [1][-]{section.13}{\376\377\000G\000o\000l\000d\000e\000n\000\040\000p\000a\000t\000h\000s\000,\000\040\000o\000r\000\040\000w\000h\000y\000\040\000t\000h\000e\000\040\000w\000o\000r\000l\000d\000\040\000h\000e\000l\000p\000s\000\040\000t\000h\000e\000\040\000b\000o\000l\000d}{}% 17
\BOOKMARK [1][-]{section.14}{\376\377\000L\000a\000n\000g\000u\000a\000g\000e\000\040\000a\000n\000d\000\040\000m\000e\000a\000n\000i\000n\000g\000:\000\040\000t\000h\000r\000o\000u\000g\000h\000\040\000t\000h\000e\000\040\000n\000e\000e\000d\000l\000e\000'\000s\000\040\000e\000y\000e}{}% 18
\BOOKMARK [1][-]{section.15}{\376\377\000M\000e\000m\000o\000r\000y\000\040\000a\000n\000d\000\040\000l\000e\000a\000r\000n\000i\000n\000g}{}% 19
\BOOKMARK [1][-]{figure.caption.20}{\376\377\000P\000A\000R\000T\000\040\000T\000H\000R\000E\000E\000\040\000\267\000\040\000T\000O\000G\000E\000T\000H\000E\000R}{}% 20
\BOOKMARK [1][-]{section.16}{\376\377\000O\000t\000h\000e\000r\000s\000,\000\040\000a\000n\000d\000\040\000w\000h\000y\000\040\000c\000o\000n\000n\000e\000c\000t\000i\000o\000n\000\040\000a\000d\000d\000s\000\040\000b\000e\000i\000n\000g}{}% 21
\BOOKMARK [1][-]{section.17}{\376\377\000S\000o\000c\000i\000e\000t\000y\000,\000\040\000s\000u\000p\000e\000r\000i\000n\000t\000e\000l\000l\000i\000g\000e\000n\000c\000e\000,\000\040\000a\000n\000d\000\040\000t\000h\000e\000\040\000c\000e\000i\000l\000i\000n\000g\000\040\000o\000f\000\040\000t\000o\000w\000e\000r\000s}{}% 22
\BOOKMARK [1][-]{section.18}{\376\377\000T\000h\000e\000\040\000l\000a\000d\000d\000e\000r\000\040\000o\000f\000\040\000w\000o\000r\000l\000d\000s\000:\000\040\000t\000h\000e\000\040\000h\000o\000l\000o\000n\000,\000\040\000w\000h\000o\000l\000e\000-\000a\000n\000d\000-\000p\000a\000r\000t}{}% 23
\BOOKMARK [1][-]{section.19}{\376\377\000T\000h\000e\000\040\000h\000e\000a\000l\000t\000h\000\040\000o\000f\000\040\000t\000h\000e\000\040\000p\000a\000t\000t\000e\000r\000n\000:\000\040\000c\000a\000r\000e\000\040\000a\000s\000\040\000e\000n\000g\000i\000n\000e\000e\000r\000i\000n\000g}{}% 24
\BOOKMARK [1][-]{section.20}{\376\377\000D\000e\000a\000t\000h\000,\000\040\000t\000h\000e\000\040\000w\000o\000r\000l\000d\000'\000s\000\040\000m\000e\000m\000o\000r\000y\000,\000\040\000a\000n\000d\000\040\000`\000`\000i\000s\000\040\000a\000l\000l\000\040\000t\000h\000i\000s\000\040\000f\000o\000r\000e\000v\000e\000r\000'\000'}{}% 25
\BOOKMARK [1][-]{section.21}{\376\377\000W\000h\000o\000\040\000w\000a\000t\000c\000h\000e\000d\000\040\000t\000h\000e\000\040\000w\000o\000r\000l\000d\000\040\000w\000h\000i\000l\000e\000\040\000t\000h\000e\000r\000e\000\040\000w\000a\000s\000\040\000n\000o\000\040\000o\000n\000e\000\040\000t\000o\000\040\000w\000a\000t\000c\000h}{}% 26
\BOOKMARK [1][-]{section.22}{\376\377\000O\000l\000d\000\040\000i\000n\000s\000t\000r\000u\000m\000e\000n\000t\000s\000\040\000o\000f\000\040\000t\000h\000e\000\040\000s\000k\000y\000:\000\040\000w\000h\000a\000t\000\040\000i\000s\000\040\000h\000i\000d\000d\000e\000n\000\040\000i\000n\000\040\000d\000i\000v\000i\000n\000a\000t\000i\000o\000n\000\040\000w\000h\000e\000e\000l\000s}{}% 27
\BOOKMARK [1][-]{section.23}{\376\377\000H\000o\000w\000\040\000t\000o\000\040\000c\000h\000e\000c\000k\000\040\000t\000h\000a\000t\000\040\000a\000n\000y\000\040\000o\000f\000\040\000t\000h\000i\000s\000\040\000i\000s\000\040\000t\000r\000u\000e}{}% 28
\BOOKMARK [1][-]{section*.28}{\376\377\000E\000p\000i\000l\000o\000g\000u\000e\000:\000\040\000t\000o\000\040\000b\000e\000\040\000c\000o\000n\000t\000i\000n\000u\000e\000d}{}% 29
\BOOKMARK [1][-]{section*.29}{\376\377\000M\000a\000p\000\040\000o\000f\000\040\000t\000h\000e\000\040\000b\000o\000o\000k}{}% 30
\BOOKMARK [1][-]{section*.31}{\376\377\000A\000\040\000s\000m\000a\000l\000l\000\040\000g\000l\000o\000s\000s\000a\000r\000y\000\040\000o\000f\000\040\000i\000m\000a\000g\000e\000s}{}% 31
\BOOKMARK [1][-]{section*.32}{\376\377\000T\000h\000e\000\040\000c\000o\000n\000s\000t\000a\000n\000t\000s\000\040\000a\000t\000\040\000a\000\040\000g\000l\000a\000n\000c\000e}{}% 32
\BOOKMARK [1][-]{section*.33}{\376\377\000A\000\040\000p\000a\000g\000e\000\040\000f\000o\000r\000\040\000t\000h\000e\000\040\000t\000e\000a\000c\000h\000e\000r}{}% 33
\BOOKMARK [1][-]{section*.34}{\376\377\000B\000r\000i\000d\000g\000e\000s\000\040\000i\000n\000t\000o\000\040\000t\000h\000e\000\040\000c\000o\000r\000p\000u\000s}{}% 34
\BOOKMARK [1][-]{section*.35}{\376\377\000T\000h\000e\000\040\000r\000e\000g\000i\000s\000t\000r\000y\000\040\000o\000f\000\040\000c\000h\000e\000c\000k\000s}{}% 35
